app/components/ui/calendar.tsx(63,9): error TS2353: Object literal may only specify known properties, and 'IconLeft' does not exist in type 'Partial<CustomComponents>'.
app/components/ui/calendar.tsx(63,22): error TS7031: Binding element 'className' implicitly has an 'any' type.
app/components/ui/calendar.tsx(66,23): error TS7031: Binding element 'className' implicitly has an 'any' type.
app/components/ui/chart.tsx(109,3): error TS2339: Property 'payload' does not exist on type 'Omit<Props<ValueType, NameType>, PropertiesReadFromContext> & { active?: boolean | undefined; allowEscapeViewBox?: AllowInDimension | undefined; ... 24 more ...; wrapperStyle?: CSSProperties | undefined; } & ClassAttributes<...> & HTMLAttributes<...> & { ...; }'.
app/components/ui/chart.tsx(114,3): error TS2339: Property 'label' does not exist on type 'Omit<Props<ValueType, NameType>, PropertiesReadFromContext> & { active?: boolean | undefined; allowEscapeViewBox?: AllowInDimension | undefined; ... 24 more ...; wrapperStyle?: CSSProperties | undefined; } & ClassAttributes<...> & HTMLAttributes<...> & { ...; }'.
app/components/ui/chart.tsx(182,23): error TS7006: Parameter 'item' implicitly has an 'any' type.
app/components/ui/chart.tsx(182,29): error TS7006: Parameter 'index' implicitly has an 'any' type.
app/components/ui/chart.tsx(260,39): error TS2344: Type '"verticalAlign" | "payload"' does not satisfy the constraint '"string" | "children" | "filter" | "fill" | "values" | "className" | "href" | "onMouseEnter" | "onTouchStart" | "onClick" | "media" | "target" | "type" | "suppressHydrationWarning" | ... 435 more ... | "portal"'.
  Type '"payload"' is not assignable to type '"string" | "children" | "filter" | "fill" | "values" | "className" | "href" | "onMouseEnter" | "onTouchStart" | "onClick" | "media" | "target" | "type" | "suppressHydrationWarning" | ... 435 more ... | "portal"'.
app/components/ui/chart.tsx(266,17): error TS2339: Property 'length' does not exist on type '{}'.
app/components/ui/chart.tsx(278,16): error TS2339: Property 'map' does not exist on type '{}'.
app/components/ui/chart.tsx(278,21): error TS7006: Parameter 'item' implicitly has an 'any' type.
app/components/ui/resizable.tsx(5,37): error TS2307: Cannot find module 'react-resizable-panels' or its corresponding type declarations.
